src/features/transactions/actions.ts(109,18): error TS2353: Object literal may only specify known properties, and 'cashTransaction' does not exist in type 'TransactionInclude<DefaultArgs>'.
src/features/transactions/actions.ts(119,23): error TS2339: Property 'cashTransactionId' does not exist on type '{ id: string; userId: string; date: Date; assetId: string; type: string; quantity: number; pricePerUnit: number; grossAmount: number; realizedPnL: number | null; }'.
src/features/transactions/actions.ts(121,36): error TS2339: Property 'cashTransactionId' does not exist on type '{ id: string; userId: string; date: Date; assetId: string; type: string; quantity: number; pricePerUnit: number; grossAmount: number; realizedPnL: number | null; }'.
src/features/transactions/actions.ts(172,18): error TS2353: Object literal may only specify known properties, and 'cashTransaction' does not exist in type 'TransactionInclude<DefaultArgs>'.
src/features/transactions/actions.ts(182,20): error TS2339: Property 'cashTransactionId' does not exist on type '{ id: string; userId: string; date: Date; assetId: string; type: string; quantity: number; pricePerUnit: number; grossAmount: number; realizedPnL: number | null; }'.
src/features/transactions/actions.ts(184,33): error TS2339: Property 'cashTransactionId' does not exist on type '{ id: string; userId: string; date: Date; assetId: string; type: string; quantity: number; pricePerUnit: number; grossAmount: number; realizedPnL: number | null; }'.
